{
  "foo": "bar",
  "bar": {
    "foo": "bar"
  },
  "baz": ["a", "b", "c"],
  "foobar": true
}